// Jest Snapshot v1, https://goo.gl/fbAQLP

exports[`Page navigates It matchs the snapshot 1`] = `
<div
  className="App"
>
  <header>
    <div
      style={
        Object {
          "color": "white",
          "textDecoration": "none",
        }
      }
    >
      <svg
        fill="currentColor"
        height="1em"
        onClick={[Function]}
        stroke="currentColor"
        strokeWidth="0"
        style={
          Object {
            "color": undefined,
            "cursor": "pointer",
          }
        }
        viewBox="0 0 512 512"
        width="1em"
        xmlns="http://www.w3.org/2000/svg"
      >
        <path
          d="M328 112L184 256l144 144"
          fill="none"
          strokeLinecap="square"
          strokeMiterlimit="10"
          strokeWidth="48"
        />
      </svg>
    </div>
    <span>
      /country
    </span>
    <div
      className="search-wrapper"
    >
      <div
        className="search-field"
      >
        <input
          id="country-input"
          onChange={[Function]}
          onKeyUp={[Function]}
          placeholder="Enter a country name.."
          required={true}
          type="text"
          value=""
        />
      </div>
    </div>
  </header>
  <div
    className="detail-page"
  >
    <div
      className="country-header"
    >
      <div
        className="load-wrapper-detail-page"
      >
        <img
          alt="loading"
          src="load.gif"
          style={
            Object {
              "height": "100px",
              "width": "100px",
            }
          }
        />
      </div>
      <img
        alt="flag"
        id="country-header-img"
      />
      <div
        className="header-info"
      >
        <p
          id="country-name"
        >
          Hello world!
        </p>
        <div
          className="weather-info"
        >
          <div
            id="top-section"
          >
            <img
              alt="weather-icon"
            />
            <p />
          </div>
          <div
            id="bottom-section"
          >
            <p>
              °C / °C
            </p>
            <p
              style={
                Object {
                  "fontSize": "0.85rem",
                }
              }
            >
              Humidity: %
            </p>
          </div>
        </div>
      </div>
    </div>
    <div
      className="country-detail"
    >
      <p>
        <strong>
          Capital:
        </strong>
         
      </p>
      <p>
        <strong>
          Population:
        </strong>
         undefined
      </p>
      <p>
        <strong>
          Location:
        </strong>
         °N and °E
      </p>
      <p>
        <strong>
          Subregion:
        </strong>
         
      </p>
    </div>
  </div>
  <footer
    style={
      Object {
        "color": "black",
        "margin": "auto auto 5px auto",
        "textAlign": "center",
      }
    }
  >
    Copyright © 2023 All right reserved | Project by Yonas Tesfu
  </footer>
</div>
`;
